# Minimum Requirements for VM - VMware
- OS
```yml
PRETTY_NAME="Debian GNU/Linux 10 (buster)"
NAME="Debian GNU/Linux"
VERSION_ID="10"
VERSION="10 (buster)"
VERSION_CODENAME=buster
ID=debian
HOME_URL="https://www.debian.org/"
SUPPORT_URL="https://www.debian.org/support"
BUG_REPORT_URL="https://bugs.debian.org/"
```
- Kernel
```bash
Linux experimentalguatemalan 4.19.0-9-amd64 #1 SMP Debian 4.19.118-2+deb10u1 (2020-06-07) x86_64 GNU/Linux
```
- Memory
```bash
              total        used        free      shared  buff/cache   available
Mem:          7.8Gi       6.2Gi       870Mi        20Mi       742Mi       1.3Gi
Swap:         7.6Gi       546Mi       7.1Gi
```
- HDD
```bash
Disk /dev/sda: 100 GiB, 107374182400 bytes, 209715200 sectors
Disk model: VMware Virtual S
Units: sectors of 1 * 512 = 512 bytes
Sector size (logical/physical): 512 bytes / 512 bytes
I/O size (minimum/optimal): 512 bytes / 512 bytes
Disklabel type: dos
Disk identifier: 0x7ccc3698

Device     Boot    Start       End   Sectors  Size Id Type
/dev/sda1           2048  16001023  15998976  7.6G 82 Linux swap / Solaris
/dev/sda2  *    16001024 209713151 193712128 92.4G 83 Linux
```
